172.68.226.52 - - [27/Oct/2018:11:34:19 +0000] "GET / HTTP/1.1" 503 2387 "-" "Mozilla/5.0 (Windows NT 10.0; Win64; x64; rv:63.0) Gecko/20100101 Firefox/63.0"
172.68.226.94 - - [27/Oct/2018:11:34:20 +0000] "GET /favicon.ico HTTP/1.1" 503 2387 "-" "Mozilla/5.0 (Windows NT 10.0; Win64; x64; rv:63.0) Gecko/20100101 Firefox/63.0"
108.162.237.244 - - [27/Oct/2018:11:34:27 +0000] "GET / HTTP/1.1" 503 2387 "-" "Mozilla/5.0 (compatible; Discordbot/2.0; +https://discordapp.com)"
162.158.202.88 - - [27/Oct/2018:11:34:32 +0000] "GET / HTTP/1.1" 503 2387 "-" "Mozilla/5.0 (X11; Linux x86_64) AppleWebKit/537.36 (KHTML, like Gecko) Chrome/70.0.3538.77 Safari/537.36"
162.158.202.76 - - [27/Oct/2018:11:34:33 +0000] "GET /favicon.ico HTTP/1.1" 503 2387 "https://league.travitia.xyz/" "Mozilla/5.0 (X11; Linux x86_64) AppleWebKit/537.36 (KHTML, like Gecko) Chrome/70.0.3538.77 Safari/537.36"
108.162.237.244 - - [27/Oct/2018:11:34:33 +0000] "GET / HTTP/1.1" 503 2387 "-" "Mozilla/5.0 (compatible; Discordbot/2.0; +https://discordapp.com)"
162.158.202.88 - - [27/Oct/2018:11:37:17 +0000] "GET / HTTP/1.1" 404 2232 "-" "Mozilla/5.0 (X11; Linux x86_64) AppleWebKit/537.36 (KHTML, like Gecko) Chrome/70.0.3538.77 Safari/537.36"
162.158.202.76 - - [27/Oct/2018:11:37:18 +0000] "GET /favicon.ico HTTP/1.1" 404 2361 "https://league.travitia.xyz/" "Mozilla/5.0 (X11; Linux x86_64) AppleWebKit/537.36 (KHTML, like Gecko) Chrome/70.0.3538.77 Safari/537.36"
162.158.202.88 - - [27/Oct/2018:11:37:21 +0000] "GET /map HTTP/1.1" 200 8516 "-" "Mozilla/5.0 (X11; Linux x86_64) AppleWebKit/537.36 (KHTML, like Gecko) Chrome/70.0.3538.77 Safari/537.36"
162.158.202.88 - - [27/Oct/2018:11:37:25 +0000] "GET /move HTTP/1.1" 404 2354 "-" "Mozilla/5.0 (X11; Linux x86_64) AppleWebKit/537.36 (KHTML, like Gecko) Chrome/70.0.3538.77 Safari/537.36"
173.245.54.43 - - [27/Oct/2018:11:39:16 +0000] "POST /move HTTP/1.1" 500 2205 "-" "Mozilla/5.0 (Windows NT 6.1; WOW64; rv:40.0) Gecko/20100101 Firefox/40.1"
162.158.186.18 - - [27/Oct/2018:11:39:16 +0000] "GET /move%22%29 HTTP/1.1" 404 2358 "-" "Mozilla/5.0 (compatible; Discordbot/2.0; +https://discordapp.com)"
172.68.54.172 - - [27/Oct/2018:11:39:23 +0000] "GET /move%22 HTTP/1.1" 404 2357 "-" "Mozilla/5.0 (Windows NT 6.3; Win64; x64) AppleWebKit/537.36 (KHTML, like Gecko) Chrome/70.0.3538.77 Safari/537.36"
172.68.54.88 - - [27/Oct/2018:11:39:24 +0000] "GET /favicon.ico HTTP/1.1" 404 2361 "https://league.travitia.xyz/move%22" "Mozilla/5.0 (Windows NT 6.3; Win64; x64) AppleWebKit/537.36 (KHTML, like Gecko) Chrome/70.0.3538.77 Safari/537.36"
172.68.54.172 - - [27/Oct/2018:11:39:34 +0000] "GET /move HTTP/1.1" 404 2354 "-" "Mozilla/5.0 (Windows NT 6.3; Win64; x64) AppleWebKit/537.36 (KHTML, like Gecko) Chrome/70.0.3538.77 Safari/537.36"
108.162.237.58 - - [27/Oct/2018:11:39:37 +0000] "GET /move%22, HTTP/1.1" 404 2358 "-" "Mozilla/5.0 (compatible; Discordbot/2.0; +https://discordapp.com)"
108.162.237.196 - - [27/Oct/2018:11:39:53 +0000] "GET /move%22, HTTP/1.1" 404 2358 "-" "Mozilla/5.0 (compatible; Discordbot/2.0; +https://discordapp.com)"
162.158.79.251 - - [27/Oct/2018:11:39:53 +0000] "POST /move HTTP/1.1" 502 2505 "-" "Mozilla/5.0 (Windows NT 6.1; WOW64; rv:40.0) Gecko/20100101 Firefox/40.1"
162.158.79.161 - - [27/Oct/2018:11:39:37 +0000] "POST /move HTTP/1.1" 502 2505 "-" "Mozilla/5.0 (Windows NT 6.1; WOW64; rv:40.0) Gecko/20100101 Firefox/40.1"
172.68.226.58 - - [27/Oct/2018:11:41:58 +0000] "GET / HTTP/1.1" 503 2387 "https://accounts.google.com/signin/oauth/oauthchooseaccount?client_id=377778394412-sh808qj1kameomsbapg0cbospitd1m3f.apps.googleusercontent.com&as=zVMbf5sThRVXCgu5rh3oyQ&destination=https%3A%2F%2Ftravitia.cloudflareaccess.com&approval_state=!ChRqX1pBcG91OGM3UXIyRUYzbDgxYxIfVXhxNmI1NU1aZk1lOERFdWhZOThQYzhGelVsVmF4WQ%E2%88%99APNbktkAAAAAW9WggedRI7FjvcZBLHPsprC6M3tD25dA&oauthgdpr=1&xsrfsig=AHgIfE8k0BIY55fgxDKModgZGu9mlFvN2g&flowName=GeneralOAuthFlow" "Mozilla/5.0 (Windows NT 10.0; Win64; x64; rv:63.0) Gecko/20100101 Firefox/63.0"
172.68.226.94 - - [27/Oct/2018:11:41:59 +0000] "GET /favicon.ico HTTP/1.1" 503 2387 "-" "Mozilla/5.0 (Windows NT 10.0; Win64; x64; rv:63.0) Gecko/20100101 Firefox/63.0"
172.68.226.58 - - [27/Oct/2018:11:43:44 +0000] "GET / HTTP/1.1" 503 2387 "https://travitia.cloudflareaccess.com/" "Mozilla/5.0 (Windows NT 10.0; Win64; x64; rv:63.0) Gecko/20100101 Firefox/63.0"
172.68.226.94 - - [27/Oct/2018:11:43:45 +0000] "GET /favicon.ico HTTP/1.1" 503 2387 "-" "Mozilla/5.0 (Windows NT 10.0; Win64; x64; rv:63.0) Gecko/20100101 Firefox/63.0"
162.158.202.88 - - [27/Oct/2018:11:46:13 +0000] "GET / HTTP/1.1" 404 2232 "https://travitia.cloudflareaccess.com/cdn-cgi/access/verify-code?state=aba827edae467e3f71f0fa942a1c0b9468e1e482ea06d18e88509e726759fe385bd44ff0" "Mozilla/5.0 (X11; Linux x86_64) AppleWebKit/537.36 (KHTML, like Gecko) Chrome/70.0.3538.77 Safari/537.36"
172.68.226.58 - - [27/Oct/2018:11:47:10 +0000] "GET / HTTP/1.1" 404 2232 "-" "Mozilla/5.0 (Windows NT 10.0; Win64; x64; rv:63.0) Gecko/20100101 Firefox/63.0"
173.245.54.7 - - [27/Oct/2018:11:47:15 +0000] "POST /move HTTP/1.1" 403 2226 "-" "Mozilla/5.0 (Windows NT 6.1; WOW64; rv:40.0) Gecko/20100101 Firefox/40.1"
162.158.186.12 - - [27/Oct/2018:11:47:15 +0000] "GET /move%22, HTTP/1.1" 404 2358 "-" "Mozilla/5.0 (compatible; Discordbot/2.0; +https://discordapp.com)"
173.245.54.43 - - [27/Oct/2018:11:47:49 +0000] "POST /move HTTP/1.1" 403 2226 "-" "Mozilla/5.0 (Windows NT 6.1; WOW64; rv:40.0) Gecko/20100101 Firefox/40.1"
162.158.186.48 - - [27/Oct/2018:11:47:49 +0000] "GET /move%22, HTTP/1.1" 404 2358 "-" "Mozilla/5.0 (compatible; Discordbot/2.0; +https://discordapp.com)"
162.158.79.161 - - [27/Oct/2018:11:48:17 +0000] "POST /move HTTP/1.1" 403 2226 "-" "Mozilla/5.0 (Windows NT 6.1; WOW64; rv:40.0) Gecko/20100101 Firefox/40.1"
108.162.237.58 - - [27/Oct/2018:11:48:18 +0000] "GET /move%22, HTTP/1.1" 404 2358 "-" "Mozilla/5.0 (compatible; Discordbot/2.0; +https://discordapp.com)"
162.158.79.161 - - [27/Oct/2018:11:48:27 +0000] "POST /move HTTP/1.1" 403 2226 "-" "Mozilla/5.0 (Windows NT 6.1; WOW64; rv:40.0) Gecko/20100101 Firefox/40.1"
108.162.238.95 - - [27/Oct/2018:11:48:27 +0000] "GET /move%22, HTTP/1.1" 404 2358 "-" "Mozilla/5.0 (compatible; Discordbot/2.0; +https://discordapp.com)"
108.162.238.95 - - [27/Oct/2018:11:48:28 +0000] "GET /move%22, HTTP/1.1" 404 472 "-" "Mozilla/5.0 (compatible; Discordbot/2.0; +https://discordapp.com)"
108.162.238.173 - - [27/Oct/2018:11:48:35 +0000] "GET /move%22, HTTP/1.1" 404 2358 "-" "Mozilla/5.0 (compatible; Discordbot/2.0; +https://discordapp.com)"
162.158.186.18 - - [27/Oct/2018:11:50:34 +0000] "GET /move%22, HTTP/1.1" 404 2358 "-" "Mozilla/5.0 (compatible; Discordbot/2.0; +https://discordapp.com)"
172.68.65.60 - - [27/Oct/2018:11:50:48 +0000] "POST /move HTTP/1.1" 403 2226 "-" "Mozilla/5.0 (Windows NT 6.1; WOW64; rv:40.0) Gecko/20100101 Firefox/40.1"
108.162.237.196 - - [27/Oct/2018:11:50:48 +0000] "GET /move%22, HTTP/1.1" 404 2358 "-" "Mozilla/5.0 (compatible; Discordbot/2.0; +https://discordapp.com)"
173.245.54.7 - - [27/Oct/2018:11:50:34 +0000] "POST /move HTTP/1.1" 502 2505 "-" "Mozilla/5.0 (Windows NT 6.1; WOW64; rv:40.0) Gecko/20100101 Firefox/40.1"
172.69.62.142 - - [27/Oct/2018:11:51:13 +0000] "POST /move HTTP/1.1" 403 2226 "-" "Mozilla/5.0 (Windows NT 6.1; WOW64; rv:40.0) Gecko/20100101 Firefox/40.1"
108.162.237.196 - - [27/Oct/2018:11:51:13 +0000] "GET /move%22, HTTP/1.1" 404 2358 "-" "Mozilla/5.0 (compatible; Discordbot/2.0; +https://discordapp.com)"
172.69.62.142 - - [27/Oct/2018:11:51:21 +0000] "POST /move HTTP/1.1" 500 2205 "-" "Mozilla/5.0 (Windows NT 6.1; WOW64; rv:40.0) Gecko/20100101 Firefox/40.1"
108.162.237.196 - - [27/Oct/2018:11:51:21 +0000] "GET /move%22, HTTP/1.1" 404 2358 "-" "Mozilla/5.0 (compatible; Discordbot/2.0; +https://discordapp.com)"
162.158.167.204 - - [27/Oct/2018:11:52:19 +0000] "GET /move HTTP/1.1" 503 2387 "-" "Mozilla/5.0 (Windows NT 10.0; Win64; x64) AppleWebKit/537.36 (KHTML, like Gecko) Chrome/69.0.3497.100 Safari/537.36"
172.69.135.172 - - [27/Oct/2018:11:52:21 +0000] "GET /favicon.ico HTTP/1.1" 503 2387 "https://league.travitia.xyz/move" "Mozilla/5.0 (Windows NT 10.0; Win64; x64) AppleWebKit/537.36 (KHTML, like Gecko) Chrome/69.0.3497.100 Safari/537.36"
162.158.167.204 - - [27/Oct/2018:11:52:30 +0000] "GET / HTTP/1.1" 503 2387 "-" "Mozilla/5.0 (Windows NT 10.0; Win64; x64) AppleWebKit/537.36 (KHTML, like Gecko) Chrome/69.0.3497.100 Safari/537.36"
172.69.135.172 - - [27/Oct/2018:11:52:31 +0000] "GET /favicon.ico HTTP/1.1" 503 2387 "https://league.travitia.xyz/" "Mozilla/5.0 (Windows NT 10.0; Win64; x64) AppleWebKit/537.36 (KHTML, like Gecko) Chrome/69.0.3497.100 Safari/537.36"
172.69.134.189 - - [27/Oct/2018:11:52:36 +0000] "GET / HTTP/1.1" 503 2387 "-" "Mozilla/5.0 (Windows NT 10.0; Win64; x64) AppleWebKit/537.36 (KHTML, like Gecko) Chrome/69.0.3497.100 Safari/537.36"
172.69.135.172 - - [27/Oct/2018:11:52:38 +0000] "GET /favicon.ico HTTP/1.1" 503 2387 "https://league.travitia.xyz/" "Mozilla/5.0 (Windows NT 10.0; Win64; x64) AppleWebKit/537.36 (KHTML, like Gecko) Chrome/69.0.3497.100 Safari/537.36"
162.158.167.204 - - [27/Oct/2018:11:52:55 +0000] "GET / HTTP/1.1" 503 2387 "-" "Mozilla/5.0 (Windows NT 10.0; Win64; x64) AppleWebKit/537.36 (KHTML, like Gecko) Chrome/69.0.3497.100 Safari/537.36"
172.69.135.172 - - [27/Oct/2018:11:52:56 +0000] "GET /favicon.ico HTTP/1.1" 503 2387 "https://league.travitia.xyz/" "Mozilla/5.0 (Windows NT 10.0; Win64; x64) AppleWebKit/537.36 (KHTML, like Gecko) Chrome/69.0.3497.100 Safari/537.36"
108.162.237.58 - - [27/Oct/2018:11:53:09 +0000] "GET /move%22, HTTP/1.1" 404 2358 "-" "Mozilla/5.0 (compatible; Discordbot/2.0; +https://discordapp.com)"
162.158.78.124 - - [27/Oct/2018:11:53:09 +0000] "POST /move HTTP/1.1" 502 2505 "-" "Mozilla/5.0 (Windows NT 6.1; WOW64; rv:40.0) Gecko/20100101 Firefox/40.1"
173.245.54.7 - - [27/Oct/2018:11:53:58 +0000] "POST /move HTTP/1.1" 403 2226 "-" "Mozilla/5.0 (Windows NT 6.1; WOW64; rv:40.0) Gecko/20100101 Firefox/40.1"
162.158.186.48 - - [27/Oct/2018:11:53:58 +0000] "GET /move%22, HTTP/1.1" 404 2358 "-" "Mozilla/5.0 (compatible; Discordbot/2.0; +https://discordapp.com)"
108.162.237.244 - - [27/Oct/2018:11:54:09 +0000] "GET /move%22, HTTP/1.1" 404 2358 "-" "Mozilla/5.0 (compatible; Discordbot/2.0; +https://discordapp.com)"
173.245.54.7 - - [27/Oct/2018:11:54:08 +0000] "POST /move HTTP/1.1" 502 2505 "-" "Mozilla/5.0 (Windows NT 6.1; WOW64; rv:40.0) Gecko/20100101 Firefox/40.1"
162.158.79.41 - - [27/Oct/2018:11:54:56 +0000] "POST /move HTTP/1.1" 403 2226 "-" "Mozilla/5.0 (Windows NT 6.1; WOW64; rv:40.0) Gecko/20100101 Firefox/40.1"
162.158.187.49 - - [27/Oct/2018:11:54:56 +0000] "GET /move%22, HTTP/1.1" 404 2358 "-" "Mozilla/5.0 (compatible; Discordbot/2.0; +https://discordapp.com)"
108.162.237.196 - - [27/Oct/2018:11:55:03 +0000] "GET /move%22, HTTP/1.1" 404 2358 "-" "Mozilla/5.0 (compatible; Discordbot/2.0; +https://discordapp.com)"
162.158.79.41 - - [27/Oct/2018:11:55:03 +0000] "POST /move HTTP/1.1" 502 2505 "-" "Mozilla/5.0 (Windows NT 6.1; WOW64; rv:40.0) Gecko/20100101 Firefox/40.1"
162.158.78.52 - - [27/Oct/2018:12:02:21 +0000] "POST /move HTTP/1.1" 403 2226 "-" "Mozilla/5.0 (Windows NT 6.1; WOW64; rv:40.0) Gecko/20100101 Firefox/40.1"
108.162.237.244 - - [27/Oct/2018:12:02:21 +0000] "GET /move%22, HTTP/1.1" 404 2358 "-" "Mozilla/5.0 (compatible; Discordbot/2.0; +https://discordapp.com)"
162.158.78.52 - - [27/Oct/2018:12:02:30 +0000] "POST /move HTTP/1.1" 200 2214 "-" "Mozilla/5.0 (Windows NT 6.1; WOW64; rv:40.0) Gecko/20100101 Firefox/40.1"
108.162.238.95 - - [27/Oct/2018:12:02:30 +0000] "GET /move%22, HTTP/1.1" 404 2358 "-" "Mozilla/5.0 (compatible; Discordbot/2.0; +https://discordapp.com)"
162.158.78.52 - - [27/Oct/2018:12:02:49 +0000] "POST /move HTTP/1.1" 403 2226 "-" "Mozilla/5.0 (Windows NT 6.1; WOW64; rv:40.0) Gecko/20100101 Firefox/40.1"
108.162.237.196 - - [27/Oct/2018:12:02:50 +0000] "GET /move%22, HTTP/1.1" 404 2358 "-" "Mozilla/5.0 (compatible; Discordbot/2.0; +https://discordapp.com)"
162.158.78.52 - - [27/Oct/2018:12:03:01 +0000] "POST /move HTTP/1.1" 200 2215 "-" "Mozilla/5.0 (Windows NT 6.1; WOW64; rv:40.0) Gecko/20100101 Firefox/40.1"
162.158.186.18 - - [27/Oct/2018:12:03:01 +0000] "GET /move%22, HTTP/1.1" 404 2358 "-" "Mozilla/5.0 (compatible; Discordbot/2.0; +https://discordapp.com)"
162.158.202.88 - - [27/Oct/2018:12:03:21 +0000] "GET /map HTTP/1.1" 200 10402 "-" "Mozilla/5.0 (X11; Linux x86_64) AppleWebKit/537.36 (KHTML, like Gecko) Chrome/70.0.3538.77 Safari/537.36"
162.158.79.251 - - [27/Oct/2018:12:03:29 +0000] "POST /move HTTP/1.1" 200 2215 "-" "Mozilla/5.0 (Windows NT 6.1; WOW64; rv:40.0) Gecko/20100101 Firefox/40.1"
162.158.186.18 - - [27/Oct/2018:12:03:29 +0000] "GET /move%22, HTTP/1.1" 404 2358 "-" "Mozilla/5.0 (compatible; Discordbot/2.0; +https://discordapp.com)"
162.158.202.88 - - [27/Oct/2018:12:03:32 +0000] "GET /map HTTP/1.1" 200 10402 "-" "Mozilla/5.0 (X11; Linux x86_64) AppleWebKit/537.36 (KHTML, like Gecko) Chrome/70.0.3538.77 Safari/537.36"
162.158.79.41 - - [27/Oct/2018:12:04:26 +0000] "POST /move HTTP/1.1" 200 2216 "-" "Mozilla/5.0 (Windows NT 6.1; WOW64; rv:40.0) Gecko/20100101 Firefox/40.1"
108.162.237.196 - - [27/Oct/2018:12:04:26 +0000] "GET /move%22, HTTP/1.1" 404 2358 "-" "Mozilla/5.0 (compatible; Discordbot/2.0; +https://discordapp.com)"
162.158.202.88 - - [27/Oct/2018:12:04:28 +0000] "GET /map HTTP/1.1" 200 10402 "-" "Mozilla/5.0 (X11; Linux x86_64) AppleWebKit/537.36 (KHTML, like Gecko) Chrome/70.0.3538.77 Safari/537.36"
162.158.79.251 - - [27/Oct/2018:12:22:47 +0000] "GET /move HTTP/1.1" 503 2387 "-" "Mozilla/5.0 (iPhone; CPU iPhone OS 12_0_1 like Mac OS X) AppleWebKit/605.1.15 (KHTML, like Gecko) Version/12.0 Mobile/15E148 Safari/604.1"
172.68.65.150 - - [27/Oct/2018:12:22:47 +0000] "GET /favicon.ico HTTP/1.1" 503 2387 "https://league.travitia.xyz/move" "Mozilla/5.0 (iPhone; CPU iPhone OS 12_0_1 like Mac OS X) AppleWebKit/605.1.15 (KHTML, like Gecko) Version/12.0 Mobile/15E148 Safari/604.1"
173.245.54.7 - - [27/Oct/2018:12:27:49 +0000] "POST /move HTTP/1.1" 503 2387 "-" "Mozilla/5.0 (Windows NT 6.1; WOW64; rv:40.0) Gecko/20100101 Firefox/40.1"
162.158.186.18 - - [27/Oct/2018:12:27:49 +0000] "GET /move%22, HTTP/1.1" 503 2387 "-" "Mozilla/5.0 (compatible; Discordbot/2.0; +https://discordapp.com)"
108.162.238.95 - - [27/Oct/2018:12:28:56 +0000] "GET /move%22, HTTP/1.1" 404 2358 "-" "Mozilla/5.0 (compatible; Discordbot/2.0; +https://discordapp.com)"
173.245.54.7 - - [27/Oct/2018:12:28:56 +0000] "POST /move HTTP/1.1" 500 3432 "-" "Mozilla/5.0 (Windows NT 6.1; WOW64; rv:40.0) Gecko/20100101 Firefox/40.1"
173.245.54.7 - - [27/Oct/2018:12:30:30 +0000] "POST /move HTTP/1.1" 500 2201 "-" "Mozilla/5.0 (Windows NT 6.1; WOW64; rv:40.0) Gecko/20100101 Firefox/40.1"
108.162.238.227 - - [27/Oct/2018:12:30:30 +0000] "GET /move%22, HTTP/1.1" 404 2358 "-" "Mozilla/5.0 (compatible; Discordbot/2.0; +https://discordapp.com)"
162.158.202.88 - - [27/Oct/2018:12:30:50 +0000] "GET /map HTTP/1.1" 200 10402 "-" "Mozilla/5.0 (X11; Linux x86_64) AppleWebKit/537.36 (KHTML, like Gecko) Chrome/70.0.3538.77 Safari/537.36"
172.69.62.166 - - [27/Oct/2018:12:30:59 +0000] "POST /move HTTP/1.1" 200 2215 "-" "Mozilla/5.0 (Windows NT 6.1; WOW64; rv:40.0) Gecko/20100101 Firefox/40.1"
162.158.186.12 - - [27/Oct/2018:12:30:59 +0000] "GET /move%22, HTTP/1.1" 404 2358 "-" "Mozilla/5.0 (compatible; Discordbot/2.0; +https://discordapp.com)"
162.158.202.88 - - [27/Oct/2018:12:31:02 +0000] "GET /map HTTP/1.1" 200 10404 "-" "Mozilla/5.0 (X11; Linux x86_64) AppleWebKit/537.36 (KHTML, like Gecko) Chrome/70.0.3538.77 Safari/537.36"
162.158.202.88 - - [27/Oct/2018:12:31:52 +0000] "GET /map HTTP/1.1" 200 10402 "-" "Mozilla/5.0 (X11; Linux x86_64) AppleWebKit/537.36 (KHTML, like Gecko) Chrome/70.0.3538.77 Safari/537.36"
162.158.79.47 - - [27/Oct/2018:12:31:55 +0000] "POST /move HTTP/1.1" 200 2214 "-" "Mozilla/5.0 (Windows NT 6.1; WOW64; rv:40.0) Gecko/20100101 Firefox/40.1"
162.158.186.48 - - [27/Oct/2018:12:31:55 +0000] "GET /move%22, HTTP/1.1" 404 2358 "-" "Mozilla/5.0 (compatible; Discordbot/2.0; +https://discordapp.com)"
162.158.202.88 - - [27/Oct/2018:12:31:57 +0000] "GET /map HTTP/1.1" 200 8516 "-" "Mozilla/5.0 (X11; Linux x86_64) AppleWebKit/537.36 (KHTML, like Gecko) Chrome/70.0.3538.77 Safari/537.36"
162.158.79.161 - - [27/Oct/2018:12:32:23 +0000] "POST /move HTTP/1.1" 200 2215 "-" "Mozilla/5.0 (Windows NT 6.1; WOW64; rv:40.0) Gecko/20100101 Firefox/40.1"
162.158.186.12 - - [27/Oct/2018:12:32:23 +0000] "GET /move%22, HTTP/1.1" 404 2358 "-" "Mozilla/5.0 (compatible; Discordbot/2.0; +https://discordapp.com)"
162.158.202.88 - - [27/Oct/2018:12:32:26 +0000] "GET /map HTTP/1.1" 200 10402 "-" "Mozilla/5.0 (X11; Linux x86_64) AppleWebKit/537.36 (KHTML, like Gecko) Chrome/70.0.3538.77 Safari/537.36"
162.158.78.52 - - [27/Oct/2018:12:33:02 +0000] "POST /move HTTP/1.1" 200 2215 "-" "Mozilla/5.0 (Windows NT 6.1; WOW64; rv:40.0) Gecko/20100101 Firefox/40.1"
162.158.186.18 - - [27/Oct/2018:12:33:02 +0000] "GET /move%22, HTTP/1.1" 404 2358 "-" "Mozilla/5.0 (compatible; Discordbot/2.0; +https://discordapp.com)"
162.158.202.88 - - [27/Oct/2018:12:33:04 +0000] "GET /map HTTP/1.1" 200 10402 "-" "Mozilla/5.0 (X11; Linux x86_64) AppleWebKit/537.36 (KHTML, like Gecko) Chrome/70.0.3538.77 Safari/537.36"
162.158.79.251 - - [27/Oct/2018:12:33:26 +0000] "POST /move HTTP/1.1" 200 2216 "-" "Mozilla/5.0 (Windows NT 6.1; WOW64; rv:40.0) Gecko/20100101 Firefox/40.1"
108.162.237.52 - - [27/Oct/2018:12:33:26 +0000] "GET /move%22, HTTP/1.1" 404 2358 "-" "Mozilla/5.0 (compatible; Discordbot/2.0; +https://discordapp.com)"
162.158.202.88 - - [27/Oct/2018:12:33:28 +0000] "GET /map HTTP/1.1" 200 10402 "-" "Mozilla/5.0 (X11; Linux x86_64) AppleWebKit/537.36 (KHTML, like Gecko) Chrome/70.0.3538.77 Safari/537.36"
173.245.54.7 - - [27/Oct/2018:12:34:23 +0000] "POST /move HTTP/1.1" 200 2214 "-" "Mozilla/5.0 (Windows NT 6.1; WOW64; rv:40.0) Gecko/20100101 Firefox/40.1"
108.162.237.58 - - [27/Oct/2018:12:34:23 +0000] "GET /move%22, HTTP/1.1" 404 2358 "-" "Mozilla/5.0 (compatible; Discordbot/2.0; +https://discordapp.com)"
162.158.202.88 - - [27/Oct/2018:12:34:25 +0000] "GET /map HTTP/1.1" 200 10402 "-" "Mozilla/5.0 (X11; Linux x86_64) AppleWebKit/537.36 (KHTML, like Gecko) Chrome/70.0.3538.77 Safari/537.36"
173.245.54.7 - - [27/Oct/2018:12:35:09 +0000] "POST /move HTTP/1.1" 200 2215 "-" "Mozilla/5.0 (Windows NT 6.1; WOW64; rv:40.0) Gecko/20100101 Firefox/40.1"
108.162.237.58 - - [27/Oct/2018:12:35:09 +0000] "GET /move%22, HTTP/1.1" 404 2358 "-" "Mozilla/5.0 (compatible; Discordbot/2.0; +https://discordapp.com)"
162.158.202.88 - - [27/Oct/2018:12:35:11 +0000] "GET /map HTTP/1.1" 200 10402 "-" "Mozilla/5.0 (X11; Linux x86_64) AppleWebKit/537.36 (KHTML, like Gecko) Chrome/70.0.3538.77 Safari/537.36"
172.69.62.166 - - [27/Oct/2018:12:35:42 +0000] "POST /move HTTP/1.1" 200 2215 "-" "Mozilla/5.0 (Windows NT 6.1; WOW64; rv:40.0) Gecko/20100101 Firefox/40.1"
162.158.186.18 - - [27/Oct/2018:12:35:42 +0000] "GET /move%22, HTTP/1.1" 404 2358 "-" "Mozilla/5.0 (compatible; Discordbot/2.0; +https://discordapp.com)"
162.158.202.88 - - [27/Oct/2018:12:35:44 +0000] "GET /map HTTP/1.1" 200 10402 "-" "Mozilla/5.0 (X11; Linux x86_64) AppleWebKit/537.36 (KHTML, like Gecko) Chrome/70.0.3538.77 Safari/537.36"
162.158.186.48 - - [27/Oct/2018:12:36:06 +0000] "GET /move%22, HTTP/1.1" 404 2358 "-" "Mozilla/5.0 (compatible; Discordbot/2.0; +https://discordapp.com)"
172.69.62.130 - - [27/Oct/2018:12:36:06 +0000] "POST /move HTTP/1.1" 200 2216 "-" "Mozilla/5.0 (Windows NT 6.1; WOW64; rv:40.0) Gecko/20100101 Firefox/40.1"
162.158.202.88 - - [27/Oct/2018:12:36:08 +0000] "GET /map HTTP/1.1" 200 10402 "-" "Mozilla/5.0 (X11; Linux x86_64) AppleWebKit/537.36 (KHTML, like Gecko) Chrome/70.0.3538.77 Safari/537.36"
162.158.79.47 - - [27/Oct/2018:12:36:34 +0000] "POST /move HTTP/1.1" 200 2214 "-" "Mozilla/5.0 (Windows NT 6.1; WOW64; rv:40.0) Gecko/20100101 Firefox/40.1"
162.158.186.12 - - [27/Oct/2018:12:36:34 +0000] "GET /move%22, HTTP/1.1" 404 2358 "-" "Mozilla/5.0 (compatible; Discordbot/2.0; +https://discordapp.com)"
162.158.79.41 - - [27/Oct/2018:12:36:51 +0000] "POST /move HTTP/1.1" 200 2215 "-" "Mozilla/5.0 (Windows NT 6.1; WOW64; rv:40.0) Gecko/20100101 Firefox/40.1"
108.162.237.196 - - [27/Oct/2018:12:36:51 +0000] "GET /move%22, HTTP/1.1" 404 2358 "-" "Mozilla/5.0 (compatible; Discordbot/2.0; +https://discordapp.com)"
162.158.202.88 - - [27/Oct/2018:12:36:53 +0000] "GET /map HTTP/1.1" 200 10402 "-" "Mozilla/5.0 (X11; Linux x86_64) AppleWebKit/537.36 (KHTML, like Gecko) Chrome/70.0.3538.77 Safari/537.36"
162.158.79.41 - - [27/Oct/2018:12:37:00 +0000] "POST /move HTTP/1.1" 200 2215 "-" "Mozilla/5.0 (Windows NT 6.1; WOW64; rv:40.0) Gecko/20100101 Firefox/40.1"
108.162.237.58 - - [27/Oct/2018:12:37:00 +0000] "GET /move%22, HTTP/1.1" 404 2358 "-" "Mozilla/5.0 (compatible; Discordbot/2.0; +https://discordapp.com)"
162.158.202.88 - - [27/Oct/2018:12:37:02 +0000] "GET /map HTTP/1.1" 200 10402 "-" "Mozilla/5.0 (X11; Linux x86_64) AppleWebKit/537.36 (KHTML, like Gecko) Chrome/70.0.3538.77 Safari/537.36"
108.162.237.196 - - [27/Oct/2018:12:37:25 +0000] "GET /map HTTP/1.1" 200 10402 "-" "Mozilla/5.0 (compatible; Discordbot/2.0; +https://discordapp.com)"
162.158.88.122 - - [27/Oct/2018:12:38:01 +0000] "GET /map HTTP/1.1" 200 10402 "-" "Mozilla/5.0 (X11; Linux x86_64; rv:63.0) Gecko/20100101 Firefox/63.0"
172.68.146.86 - - [27/Oct/2018:12:38:18 +0000] "GET /map HTTP/1.1" 200 10402 "-" "Mozilla/5.0 (Windows NT 10.0; Win64; x64) AppleWebKit/537.36 (KHTML, like Gecko) Chrome/69.0.3497.100 Safari/537.36"
172.69.135.172 - - [27/Oct/2018:12:38:20 +0000] "GET /favicon.ico HTTP/1.1" 404 2361 "https://league.travitia.xyz/map" "Mozilla/5.0 (Windows NT 10.0; Win64; x64) AppleWebKit/537.36 (KHTML, like Gecko) Chrome/69.0.3497.100 Safari/537.36"
173.245.54.7 - - [27/Oct/2018:12:38:22 +0000] "POST /move HTTP/1.1" 200 2216 "-" "Mozilla/5.0 (Windows NT 6.1; WOW64; rv:40.0) Gecko/20100101 Firefox/40.1"
162.158.187.49 - - [27/Oct/2018:12:38:22 +0000] "GET /move%22, HTTP/1.1" 404 2358 "-" "Mozilla/5.0 (compatible; Discordbot/2.0; +https://discordapp.com)"
162.158.202.88 - - [27/Oct/2018:12:38:27 +0000] "GET /map HTTP/1.1" 200 10402 "-" "Mozilla/5.0 (X11; Linux x86_64) AppleWebKit/537.36 (KHTML, like Gecko) Chrome/70.0.3538.77 Safari/537.36"
162.158.94.26 - - [27/Oct/2018:12:38:44 +0000] "HEAD /map HTTP/1.1" 200 2178 "-" "Python/3.6 aiohttp/3.4.4"
162.158.90.12 - - [27/Oct/2018:12:38:45 +0000] "GET /map HTTP/1.1" 200 10402 "-" "Mozilla/5.0 (X11; Linux x86_64) AppleWebKit/537.36 (KHTML, like Gecko) Ubuntu Chromium/70.0.3538.67 HeadlessChrome/70.0.3538.67 Safari/537.36"
162.158.78.124 - - [27/Oct/2018:12:39:11 +0000] "POST /move HTTP/1.1" 200 2214 "-" "Mozilla/5.0 (Windows NT 6.1; WOW64; rv:40.0) Gecko/20100101 Firefox/40.1"
108.162.238.95 - - [27/Oct/2018:12:39:11 +0000] "GET /move%22, HTTP/1.1" 404 2358 "-" "Mozilla/5.0 (compatible; Discordbot/2.0; +https://discordapp.com)"
162.158.78.112 - - [27/Oct/2018:12:40:09 +0000] "POST /move HTTP/1.1" 200 2215 "-" "Mozilla/5.0 (Windows NT 6.1; WOW64; rv:40.0) Gecko/20100101 Firefox/40.1"
108.162.237.244 - - [27/Oct/2018:12:40:09 +0000] "GET /move%22, HTTP/1.1" 404 2358 "-" "Mozilla/5.0 (compatible; Discordbot/2.0; +https://discordapp.com)"
162.158.202.88 - - [27/Oct/2018:12:40:11 +0000] "GET /map HTTP/1.1" 200 10402 "-" "Mozilla/5.0 (X11; Linux x86_64) AppleWebKit/537.36 (KHTML, like Gecko) Chrome/70.0.3538.77 Safari/537.36"
162.158.79.41 - - [27/Oct/2018:12:41:11 +0000] "POST /move HTTP/1.1" 200 2215 "-" "Mozilla/5.0 (Windows NT 6.1; WOW64; rv:40.0) Gecko/20100101 Firefox/40.1"
162.158.186.48 - - [27/Oct/2018:12:41:11 +0000] "GET /move%22, HTTP/1.1" 404 2358 "-" "Mozilla/5.0 (compatible; Discordbot/2.0; +https://discordapp.com)"
162.158.202.88 - - [27/Oct/2018:12:41:16 +0000] "GET /map HTTP/1.1" 200 10402 "-" "Mozilla/5.0 (X11; Linux x86_64) AppleWebKit/537.36 (KHTML, like Gecko) Chrome/70.0.3538.77 Safari/537.36"
162.158.78.52 - - [27/Oct/2018:12:42:16 +0000] "POST /move HTTP/1.1" 200 2216 "-" "Mozilla/5.0 (Windows NT 6.1; WOW64; rv:40.0) Gecko/20100101 Firefox/40.1"
162.158.186.48 - - [27/Oct/2018:12:42:16 +0000] "GET /move%22, HTTP/1.1" 404 2358 "-" "Mozilla/5.0 (compatible; Discordbot/2.0; +https://discordapp.com)"
108.162.238.227 - - [27/Oct/2018:12:44:09 +0000] "GET /move%22, HTTP/1.1" 404 2358 "-" "Mozilla/5.0 (compatible; Discordbot/2.0; +https://discordapp.com)"
162.158.79.47 - - [27/Oct/2018:12:45:08 +0000] "POST /move HTTP/1.1" 200 2214 "-" "Mozilla/5.0 (Windows NT 6.1; WOW64; rv:40.0) Gecko/20100101 Firefox/40.1"
162.158.79.47 - - [27/Oct/2018:12:45:08 +0000] "POST /move HTTP/1.1" 200 329 "-" "Mozilla/5.0 (Windows NT 6.1; WOW64; rv:40.0) Gecko/20100101 Firefox/40.1"
162.158.79.47 - - [27/Oct/2018:12:45:08 +0000] "POST /move HTTP/1.1" 200 2215 "-" "Mozilla/5.0 (Windows NT 6.1; WOW64; rv:40.0) Gecko/20100101 Firefox/40.1"
162.158.79.47 - - [27/Oct/2018:12:45:08 +0000] "POST /move HTTP/1.1" 200 330 "-" "Mozilla/5.0 (Windows NT 6.1; WOW64; rv:40.0) Gecko/20100101 Firefox/40.1"
108.162.238.173 - - [27/Oct/2018:12:45:08 +0000] "GET /move%22, HTTP/1.1" 404 2358 "-" "Mozilla/5.0 (compatible; Discordbot/2.0; +https://discordapp.com)"
162.158.202.88 - - [27/Oct/2018:12:45:11 +0000] "GET /map HTTP/1.1" 200 10402 "-" "Mozilla/5.0 (X11; Linux x86_64) AppleWebKit/537.36 (KHTML, like Gecko) Chrome/70.0.3538.77 Safari/537.36"
162.158.79.161 - - [27/Oct/2018:12:45:38 +0000] "POST /move HTTP/1.1" 200 2214 "-" "Mozilla/5.0 (Windows NT 6.1; WOW64; rv:40.0) Gecko/20100101 Firefox/40.1"
108.162.238.173 - - [27/Oct/2018:12:45:38 +0000] "GET /move%22, HTTP/1.1" 404 2358 "-" "Mozilla/5.0 (compatible; Discordbot/2.0; +https://discordapp.com)"
162.158.79.161 - - [27/Oct/2018:12:45:38 +0000] "POST /move HTTP/1.1" 200 2215 "-" "Mozilla/5.0 (Windows NT 6.1; WOW64; rv:40.0) Gecko/20100101 Firefox/40.1"
162.158.79.161 - - [27/Oct/2018:12:45:38 +0000] "POST /move HTTP/1.1" 200 329 "-" "Mozilla/5.0 (Windows NT 6.1; WOW64; rv:40.0) Gecko/20100101 Firefox/40.1"
162.158.79.161 - - [27/Oct/2018:12:45:38 +0000] "POST /move HTTP/1.1" 200 330 "-" "Mozilla/5.0 (Windows NT 6.1; WOW64; rv:40.0) Gecko/20100101 Firefox/40.1"
162.158.79.161 - - [27/Oct/2018:12:45:38 +0000] "POST /move HTTP/1.1" 200 2214 "-" "Mozilla/5.0 (Windows NT 6.1; WOW64; rv:40.0) Gecko/20100101 Firefox/40.1"
162.158.79.161 - - [27/Oct/2018:12:45:38 +0000] "POST /move HTTP/1.1" 200 329 "-" "Mozilla/5.0 (Windows NT 6.1; WOW64; rv:40.0) Gecko/20100101 Firefox/40.1"
162.158.79.161 - - [27/Oct/2018:12:45:38 +0000] "POST /move HTTP/1.1" 200 329 "-" "Mozilla/5.0 (Windows NT 6.1; WOW64; rv:40.0) Gecko/20100101 Firefox/40.1"
162.158.79.161 - - [27/Oct/2018:12:45:38 +0000] "POST /move HTTP/1.1" 200 330 "-" "Mozilla/5.0 (Windows NT 6.1; WOW64; rv:40.0) Gecko/20100101 Firefox/40.1"
162.158.79.161 - - [27/Oct/2018:12:45:38 +0000] "POST /move HTTP/1.1" 200 2214 "-" "Mozilla/5.0 (Windows NT 6.1; WOW64; rv:40.0) Gecko/20100101 Firefox/40.1"
162.158.79.161 - - [27/Oct/2018:12:45:38 +0000] "POST /move HTTP/1.1" 200 329 "-" "Mozilla/5.0 (Windows NT 6.1; WOW64; rv:40.0) Gecko/20100101 Firefox/40.1"
162.158.79.161 - - [27/Oct/2018:12:45:39 +0000] "POST /move HTTP/1.1" 200 329 "-" "Mozilla/5.0 (Windows NT 6.1; WOW64; rv:40.0) Gecko/20100101 Firefox/40.1"
162.158.79.161 - - [27/Oct/2018:12:45:39 +0000] "POST /move HTTP/1.1" 200 330 "-" "Mozilla/5.0 (Windows NT 6.1; WOW64; rv:40.0) Gecko/20100101 Firefox/40.1"
162.158.79.161 - - [27/Oct/2018:12:45:39 +0000] "POST /move HTTP/1.1" 200 328 "-" "Mozilla/5.0 (Windows NT 6.1; WOW64; rv:40.0) Gecko/20100101 Firefox/40.1"
162.158.79.161 - - [27/Oct/2018:12:45:39 +0000] "POST /move HTTP/1.1" 200 329 "-" "Mozilla/5.0 (Windows NT 6.1; WOW64; rv:40.0) Gecko/20100101 Firefox/40.1"
162.158.79.161 - - [27/Oct/2018:12:45:39 +0000] "POST /move HTTP/1.1" 200 329 "-" "Mozilla/5.0 (Windows NT 6.1; WOW64; rv:40.0) Gecko/20100101 Firefox/40.1"
162.158.79.161 - - [27/Oct/2018:12:45:39 +0000] "POST /move HTTP/1.1" 200 330 "-" "Mozilla/5.0 (Windows NT 6.1; WOW64; rv:40.0) Gecko/20100101 Firefox/40.1"
162.158.79.161 - - [27/Oct/2018:12:45:39 +0000] "POST /move HTTP/1.1" 200 329 "-" "Mozilla/5.0 (Windows NT 6.1; WOW64; rv:40.0) Gecko/20100101 Firefox/40.1"
162.158.79.161 - - [27/Oct/2018:12:45:39 +0000] "POST /move HTTP/1.1" 200 329 "-" "Mozilla/5.0 (Windows NT 6.1; WOW64; rv:40.0) Gecko/20100101 Firefox/40.1"
162.158.79.161 - - [27/Oct/2018:12:45:39 +0000] "POST /move HTTP/1.1" 200 330 "-" "Mozilla/5.0 (Windows NT 6.1; WOW64; rv:40.0) Gecko/20100101 Firefox/40.1"
162.158.79.161 - - [27/Oct/2018:12:45:39 +0000] "POST /move HTTP/1.1" 200 330 "-" "Mozilla/5.0 (Windows NT 6.1; WOW64; rv:40.0) Gecko/20100101 Firefox/40.1"
162.158.202.88 - - [27/Oct/2018:12:45:41 +0000] "GET /map HTTP/1.1" 200 10402 "-" "Mozilla/5.0 (X11; Linux x86_64) AppleWebKit/537.36 (KHTML, like Gecko) Chrome/70.0.3538.77 Safari/537.36"
162.158.79.161 - - [27/Oct/2018:12:45:49 +0000] "POST /move HTTP/1.1" 200 2215 "-" "Mozilla/5.0 (Windows NT 6.1; WOW64; rv:40.0) Gecko/20100101 Firefox/40.1"
162.158.79.161 - - [27/Oct/2018:12:45:49 +0000] "POST /move HTTP/1.1" 200 2215 "-" "Mozilla/5.0 (Windows NT 6.1; WOW64; rv:40.0) Gecko/20100101 Firefox/40.1"
162.158.79.161 - - [27/Oct/2018:12:45:49 +0000] "POST /move HTTP/1.1" 200 2216 "-" "Mozilla/5.0 (Windows NT 6.1; WOW64; rv:40.0) Gecko/20100101 Firefox/40.1"
162.158.79.161 - - [27/Oct/2018:12:45:49 +0000] "POST /move HTTP/1.1" 200 330 "-" "Mozilla/5.0 (Windows NT 6.1; WOW64; rv:40.0) Gecko/20100101 Firefox/40.1"
162.158.79.161 - - [27/Oct/2018:12:45:49 +0000] "POST /move HTTP/1.1" 200 329 "-" "Mozilla/5.0 (Windows NT 6.1; WOW64; rv:40.0) Gecko/20100101 Firefox/40.1"
162.158.79.161 - - [27/Oct/2018:12:45:49 +0000] "POST /move HTTP/1.1" 200 329 "-" "Mozilla/5.0 (Windows NT 6.1; WOW64; rv:40.0) Gecko/20100101 Firefox/40.1"
162.158.79.161 - - [27/Oct/2018:12:45:49 +0000] "POST /move HTTP/1.1" 200 2216 "-" "Mozilla/5.0 (Windows NT 6.1; WOW64; rv:40.0) Gecko/20100101 Firefox/40.1"
162.158.79.161 - - [27/Oct/2018:12:45:49 +0000] "POST /move HTTP/1.1" 200 330 "-" "Mozilla/5.0 (Windows NT 6.1; WOW64; rv:40.0) Gecko/20100101 Firefox/40.1"
162.158.79.161 - - [27/Oct/2018:12:45:49 +0000] "POST /move HTTP/1.1" 200 329 "-" "Mozilla/5.0 (Windows NT 6.1; WOW64; rv:40.0) Gecko/20100101 Firefox/40.1"
162.158.79.161 - - [27/Oct/2018:12:45:49 +0000] "POST /move HTTP/1.1" 200 329 "-" "Mozilla/5.0 (Windows NT 6.1; WOW64; rv:40.0) Gecko/20100101 Firefox/40.1"
162.158.79.161 - - [27/Oct/2018:12:45:49 +0000] "POST /move HTTP/1.1" 200 330 "-" "Mozilla/5.0 (Windows NT 6.1; WOW64; rv:40.0) Gecko/20100101 Firefox/40.1"
162.158.79.161 - - [27/Oct/2018:12:45:49 +0000] "POST /move HTTP/1.1" 200 330 "-" "Mozilla/5.0 (Windows NT 6.1; WOW64; rv:40.0) Gecko/20100101 Firefox/40.1"
162.158.79.161 - - [27/Oct/2018:12:45:49 +0000] "POST /move HTTP/1.1" 200 329 "-" "Mozilla/5.0 (Windows NT 6.1; WOW64; rv:40.0) Gecko/20100101 Firefox/40.1"
162.158.186.18 - - [27/Oct/2018:12:45:49 +0000] "GET /move%22, HTTP/1.1" 404 2358 "-" "Mozilla/5.0 (compatible; Discordbot/2.0; +https://discordapp.com)"
162.158.79.161 - - [27/Oct/2018:12:45:49 +0000] "POST /move HTTP/1.1" 200 329 "-" "Mozilla/5.0 (Windows NT 6.1; WOW64; rv:40.0) Gecko/20100101 Firefox/40.1"
162.158.79.161 - - [27/Oct/2018:12:45:49 +0000] "POST /move HTTP/1.1" 200 330 "-" "Mozilla/5.0 (Windows NT 6.1; WOW64; rv:40.0) Gecko/20100101 Firefox/40.1"
162.158.79.161 - - [27/Oct/2018:12:45:49 +0000] "POST /move HTTP/1.1" 200 330 "-" "Mozilla/5.0 (Windows NT 6.1; WOW64; rv:40.0) Gecko/20100101 Firefox/40.1"
162.158.79.161 - - [27/Oct/2018:12:45:49 +0000] "POST /move HTTP/1.1" 200 329 "-" "Mozilla/5.0 (Windows NT 6.1; WOW64; rv:40.0) Gecko/20100101 Firefox/40.1"
162.158.79.161 - - [27/Oct/2018:12:45:49 +0000] "POST /move HTTP/1.1" 200 329 "-" "Mozilla/5.0 (Windows NT 6.1; WOW64; rv:40.0) Gecko/20100101 Firefox/40.1"
162.158.79.161 - - [27/Oct/2018:12:45:49 +0000] "POST /move HTTP/1.1" 200 330 "-" "Mozilla/5.0 (Windows NT 6.1; WOW64; rv:40.0) Gecko/20100101 Firefox/40.1"
162.158.79.161 - - [27/Oct/2018:12:45:49 +0000] "POST /move HTTP/1.1" 200 330 "-" "Mozilla/5.0 (Windows NT 6.1; WOW64; rv:40.0) Gecko/20100101 Firefox/40.1"
162.158.202.88 - - [27/Oct/2018:12:45:51 +0000] "GET /map HTTP/1.1" 200 10402 "-" "Mozilla/5.0 (X11; Linux x86_64) AppleWebKit/537.36 (KHTML, like Gecko) Chrome/70.0.3538.77 Safari/537.36"
162.158.79.161 - - [27/Oct/2018:12:46:01 +0000] "POST /move HTTP/1.1" 200 2215 "-" "Mozilla/5.0 (Windows NT 6.1; WOW64; rv:40.0) Gecko/20100101 Firefox/40.1"
162.158.79.161 - - [27/Oct/2018:12:46:01 +0000] "POST /move HTTP/1.1" 200 2215 "-" "Mozilla/5.0 (Windows NT 6.1; WOW64; rv:40.0) Gecko/20100101 Firefox/40.1"
162.158.79.161 - - [27/Oct/2018:12:46:01 +0000] "POST /move HTTP/1.1" 200 330 "-" "Mozilla/5.0 (Windows NT 6.1; WOW64; rv:40.0) Gecko/20100101 Firefox/40.1"
108.162.238.95 - - [27/Oct/2018:12:46:01 +0000] "GET /move%22, HTTP/1.1" 404 2358 "-" "Mozilla/5.0 (compatible; Discordbot/2.0; +https://discordapp.com)"
162.158.79.161 - - [27/Oct/2018:12:46:01 +0000] "POST /move HTTP/1.1" 200 330 "-" "Mozilla/5.0 (Windows NT 6.1; WOW64; rv:40.0) Gecko/20100101 Firefox/40.1"
162.158.79.161 - - [27/Oct/2018:12:46:01 +0000] "POST /move HTTP/1.1" 200 329 "-" "Mozilla/5.0 (Windows NT 6.1; WOW64; rv:40.0) Gecko/20100101 Firefox/40.1"
162.158.79.161 - - [27/Oct/2018:12:46:01 +0000] "POST /move HTTP/1.1" 200 329 "-" "Mozilla/5.0 (Windows NT 6.1; WOW64; rv:40.0) Gecko/20100101 Firefox/40.1"
162.158.79.161 - - [27/Oct/2018:12:46:01 +0000] "POST /move HTTP/1.1" 200 330 "-" "Mozilla/5.0 (Windows NT 6.1; WOW64; rv:40.0) Gecko/20100101 Firefox/40.1"
162.158.79.161 - - [27/Oct/2018:12:46:01 +0000] "POST /move HTTP/1.1" 200 2216 "-" "Mozilla/5.0 (Windows NT 6.1; WOW64; rv:40.0) Gecko/20100101 Firefox/40.1"
162.158.79.161 - - [27/Oct/2018:12:46:01 +0000] "POST /move HTTP/1.1" 200 329 "-" "Mozilla/5.0 (Windows NT 6.1; WOW64; rv:40.0) Gecko/20100101 Firefox/40.1"
162.158.79.161 - - [27/Oct/2018:12:46:01 +0000] "POST /move HTTP/1.1" 200 329 "-" "Mozilla/5.0 (Windows NT 6.1; WOW64; rv:40.0) Gecko/20100101 Firefox/40.1"
162.158.79.161 - - [27/Oct/2018:12:46:01 +0000] "POST /move HTTP/1.1" 200 2216 "-" "Mozilla/5.0 (Windows NT 6.1; WOW64; rv:40.0) Gecko/20100101 Firefox/40.1"
162.158.79.161 - - [27/Oct/2018:12:46:02 +0000] "POST /move HTTP/1.1" 200 330 "-" "Mozilla/5.0 (Windows NT 6.1; WOW64; rv:40.0) Gecko/20100101 Firefox/40.1"
162.158.79.161 - - [27/Oct/2018:12:46:02 +0000] "POST /move HTTP/1.1" 200 329 "-" "Mozilla/5.0 (Windows NT 6.1; WOW64; rv:40.0) Gecko/20100101 Firefox/40.1"
162.158.79.161 - - [27/Oct/2018:12:46:02 +0000] "POST /move HTTP/1.1" 200 329 "-" "Mozilla/5.0 (Windows NT 6.1; WOW64; rv:40.0) Gecko/20100101 Firefox/40.1"
162.158.79.161 - - [27/Oct/2018:12:46:02 +0000] "POST /move HTTP/1.1" 200 330 "-" "Mozilla/5.0 (Windows NT 6.1; WOW64; rv:40.0) Gecko/20100101 Firefox/40.1"
162.158.79.161 - - [27/Oct/2018:12:46:02 +0000] "POST /move HTTP/1.1" 200 330 "-" "Mozilla/5.0 (Windows NT 6.1; WOW64; rv:40.0) Gecko/20100101 Firefox/40.1"
162.158.202.88 - - [27/Oct/2018:12:46:03 +0000] "GET /map HTTP/1.1" 200 10402 "-" "Mozilla/5.0 (X11; Linux x86_64) AppleWebKit/537.36 (KHTML, like Gecko) Chrome/70.0.3538.77 Safari/537.36"
162.158.78.52 - - [27/Oct/2018:12:46:41 +0000] "POST /move HTTP/1.1" 200 2224 "-" "Mozilla/5.0 (Windows NT 6.1; WOW64; rv:40.0) Gecko/20100101 Firefox/40.1"
162.158.78.52 - - [27/Oct/2018:12:46:41 +0000] "POST /move HTTP/1.1" 200 2222 "-" "Mozilla/5.0 (Windows NT 6.1; WOW64; rv:40.0) Gecko/20100101 Firefox/40.1"
162.158.187.49 - - [27/Oct/2018:12:46:41 +0000] "GET /move%22, HTTP/1.1" 404 2358 "-" "Mozilla/5.0 (compatible; Discordbot/2.0; +https://discordapp.com)"
162.158.78.52 - - [27/Oct/2018:12:46:41 +0000] "POST /move HTTP/1.1" 200 2225 "-" "Mozilla/5.0 (Windows NT 6.1; WOW64; rv:40.0) Gecko/20100101 Firefox/40.1"
162.158.78.52 - - [27/Oct/2018:12:46:41 +0000] "POST /move HTTP/1.1" 200 338 "-" "Mozilla/5.0 (Windows NT 6.1; WOW64; rv:40.0) Gecko/20100101 Firefox/40.1"
162.158.202.88 - - [27/Oct/2018:12:46:47 +0000] "GET /map HTTP/1.1" 200 10398 "-" "Mozilla/5.0 (X11; Linux x86_64) AppleWebKit/537.36 (KHTML, like Gecko) Chrome/70.0.3538.77 Safari/537.36"
162.158.186.48 - - [27/Oct/2018:12:47:06 +0000] "GET /map HTTP/1.1" 200 10398 "-" "Mozilla/5.0 (compatible; Discordbot/2.0; +https://discordapp.com)"
162.158.94.26 - - [27/Oct/2018:12:47:12 +0000] "GET /move HTTP/1.1" 404 2354 "-" "Mozilla/5.0 (X11; Linux x86_64; rv:63.0) Gecko/20100101 Firefox/63.0"
162.158.88.242 - - [27/Oct/2018:12:47:13 +0000] "GET /favicon.ico HTTP/1.1" 404 2361 "-" "Mozilla/5.0 (X11; Linux x86_64; rv:63.0) Gecko/20100101 Firefox/63.0"
172.69.33.89 - - [27/Oct/2018:12:47:13 +0000] "GET /map HTTP/1.1" 200 10398 "-" "Mozilla/5.0 (Windows NT 10.0; Win64; x64) AppleWebKit/537.36 (KHTML, like Gecko) Chrome/70.0.3538.77 Safari/537.36"
172.69.33.179 - - [27/Oct/2018:12:47:14 +0000] "GET /favicon.ico HTTP/1.1" 404 2361 "https://league.travitia.xyz/map" "Mozilla/5.0 (Windows NT 10.0; Win64; x64) AppleWebKit/537.36 (KHTML, like Gecko) Chrome/70.0.3538.77 Safari/537.36"
172.69.135.52 - - [27/Oct/2018:12:47:14 +0000] "GET /map HTTP/1.1" 200 10398 "-" "Mozilla/5.0 (Windows NT 10.0; Win64; x64) AppleWebKit/537.36 (KHTML, like Gecko) Chrome/69.0.3497.100 Safari/537.36"
172.69.62.142 - - [27/Oct/2018:12:47:21 +0000] "POST /move HTTP/1.1" 200 2223 "-" "Mozilla/5.0 (Windows NT 6.1; WOW64; rv:40.0) Gecko/20100101 Firefox/40.1"
172.69.62.142 - - [27/Oct/2018:12:47:21 +0000] "POST /move HTTP/1.1" 200 336 "-" "Mozilla/5.0 (Windows NT 6.1; WOW64; rv:40.0) Gecko/20100101 Firefox/40.1"
162.158.186.18 - - [27/Oct/2018:12:47:21 +0000] "GET /move%22, HTTP/1.1" 404 2358 "-" "Mozilla/5.0 (compatible; Discordbot/2.0; +https://discordapp.com)"
172.69.62.142 - - [27/Oct/2018:12:47:21 +0000] "POST /move HTTP/1.1" 200 2226 "-" "Mozilla/5.0 (Windows NT 6.1; WOW64; rv:40.0) Gecko/20100101 Firefox/40.1"
172.69.62.142 - - [27/Oct/2018:12:47:21 +0000] "POST /move HTTP/1.1" 200 338 "-" "Mozilla/5.0 (Windows NT 6.1; WOW64; rv:40.0) Gecko/20100101 Firefox/40.1"
162.158.202.88 - - [27/Oct/2018:12:47:23 +0000] "GET /map HTTP/1.1" 200 10398 "-" "Mozilla/5.0 (X11; Linux x86_64) AppleWebKit/537.36 (KHTML, like Gecko) Chrome/70.0.3538.77 Safari/537.36"
172.69.62.142 - - [27/Oct/2018:12:47:29 +0000] "POST /move HTTP/1.1" 200 2224 "-" "Mozilla/5.0 (Windows NT 6.1; WOW64; rv:40.0) Gecko/20100101 Firefox/40.1"
172.69.62.142 - - [27/Oct/2018:12:47:29 +0000] "POST /move HTTP/1.1" 200 2222 "-" "Mozilla/5.0 (Windows NT 6.1; WOW64; rv:40.0) Gecko/20100101 Firefox/40.1"
162.158.186.18 - - [27/Oct/2018:12:47:29 +0000] "GET /move%22, HTTP/1.1" 404 2358 "-" "Mozilla/5.0 (compatible; Discordbot/2.0; +https://discordapp.com)"
172.69.62.142 - - [27/Oct/2018:12:47:29 +0000] "POST /move HTTP/1.1" 200 340 "-" "Mozilla/5.0 (Windows NT 6.1; WOW64; rv:40.0) Gecko/20100101 Firefox/40.1"
172.69.62.142 - - [27/Oct/2018:12:47:29 +0000] "POST /move HTTP/1.1" 200 2224 "-" "Mozilla/5.0 (Windows NT 6.1; WOW64; rv:40.0) Gecko/20100101 Firefox/40.1"
162.158.202.88 - - [27/Oct/2018:12:47:32 +0000] "GET /map HTTP/1.1" 200 10398 "-" "Mozilla/5.0 (X11; Linux x86_64) AppleWebKit/537.36 (KHTML, like Gecko) Chrome/70.0.3538.77 Safari/537.36"
172.69.62.142 - - [27/Oct/2018:12:47:42 +0000] "POST /move HTTP/1.1" 200 2223 "-" "Mozilla/5.0 (Windows NT 6.1; WOW64; rv:40.0) Gecko/20100101 Firefox/40.1"
172.69.62.142 - - [27/Oct/2018:12:47:42 +0000] "POST /move HTTP/1.1" 200 337 "-" "Mozilla/5.0 (Windows NT 6.1; WOW64; rv:40.0) Gecko/20100101 Firefox/40.1"
162.158.187.49 - - [27/Oct/2018:12:47:42 +0000] "GET /move%22, HTTP/1.1" 404 2358 "-" "Mozilla/5.0 (compatible; Discordbot/2.0; +https://discordapp.com)"
172.69.62.142 - - [27/Oct/2018:12:47:42 +0000] "POST /move HTTP/1.1" 200 2225 "-" "Mozilla/5.0 (Windows NT 6.1; WOW64; rv:40.0) Gecko/20100101 Firefox/40.1"
172.69.62.142 - - [27/Oct/2018:12:47:42 +0000] "POST /move HTTP/1.1" 200 2224 "-" "Mozilla/5.0 (Windows NT 6.1; WOW64; rv:40.0) Gecko/20100101 Firefox/40.1"
162.158.202.88 - - [27/Oct/2018:12:47:46 +0000] "GET /map HTTP/1.1" 200 10398 "-" "Mozilla/5.0 (X11; Linux x86_64) AppleWebKit/537.36 (KHTML, like Gecko) Chrome/70.0.3538.77 Safari/537.36"
172.69.62.142 - - [27/Oct/2018:12:47:51 +0000] "POST /move HTTP/1.1" 200 2224 "-" "Mozilla/5.0 (Windows NT 6.1; WOW64; rv:40.0) Gecko/20100101 Firefox/40.1"
172.69.62.142 - - [27/Oct/2018:12:47:51 +0000] "POST /move HTTP/1.1" 200 2222 "-" "Mozilla/5.0 (Windows NT 6.1; WOW64; rv:40.0) Gecko/20100101 Firefox/40.1"
162.158.187.49 - - [27/Oct/2018:12:47:51 +0000] "GET /move%22, HTTP/1.1" 404 2358 "-" "Mozilla/5.0 (compatible; Discordbot/2.0; +https://discordapp.com)"
172.69.62.142 - - [27/Oct/2018:12:47:51 +0000] "POST /move HTTP/1.1" 200 340 "-" "Mozilla/5.0 (Windows NT 6.1; WOW64; rv:40.0) Gecko/20100101 Firefox/40.1"
172.69.62.142 - - [27/Oct/2018:12:47:51 +0000] "POST /move HTTP/1.1" 200 337 "-" "Mozilla/5.0 (Windows NT 6.1; WOW64; rv:40.0) Gecko/20100101 Firefox/40.1"
162.158.202.88 - - [27/Oct/2018:12:47:53 +0000] "GET /map HTTP/1.1" 200 10398 "-" "Mozilla/5.0 (X11; Linux x86_64) AppleWebKit/537.36 (KHTML, like Gecko) Chrome/70.0.3538.77 Safari/537.36"
172.68.239.119 - - [27/Oct/2018:12:47:54 +0000] "GET /map HTTP/1.1" 200 10398 "-" "Mozilla/5.0 (Linux; Android 4.4.2; GSmart Mika M3 Build/GSmart) AppleWebKit/537.36 (KHTML, like Gecko) Chrome/69.0.3497.100 Mobile Safari/537.36"
172.68.238.118 - - [27/Oct/2018:12:47:55 +0000] "GET /favicon.ico HTTP/1.1" 404 2361 "https://league.travitia.xyz/map" "Mozilla/5.0 (Linux; Android 4.4.2; GSmart Mika M3 Build/GSmart) AppleWebKit/537.36 (KHTML, like Gecko) Chrome/69.0.3497.100 Mobile Safari/537.36"
172.69.62.142 - - [27/Oct/2018:12:47:56 +0000] "POST /move HTTP/1.1" 200 2223 "-" "Mozilla/5.0 (Windows NT 6.1; WOW64; rv:40.0) Gecko/20100101 Firefox/40.1"
172.69.62.142 - - [27/Oct/2018:12:47:56 +0000] "POST /move HTTP/1.1" 200 336 "-" "Mozilla/5.0 (Windows NT 6.1; WOW64; rv:40.0) Gecko/20100101 Firefox/40.1"
172.69.62.142 - - [27/Oct/2018:12:47:56 +0000] "POST /move HTTP/1.1" 200 2226 "-" "Mozilla/5.0 (Windows NT 6.1; WOW64; rv:40.0) Gecko/20100101 Firefox/40.1"
172.69.62.142 - - [27/Oct/2018:12:47:56 +0000] "POST /move HTTP/1.1" 200 2224 "-" "Mozilla/5.0 (Windows NT 6.1; WOW64; rv:40.0) Gecko/20100101 Firefox/40.1"
108.162.237.244 - - [27/Oct/2018:12:47:56 +0000] "GET /move%22, HTTP/1.1" 404 2358 "-" "Mozilla/5.0 (compatible; Discordbot/2.0; +https://discordapp.com)"
162.158.202.88 - - [27/Oct/2018:12:47:58 +0000] "GET /map HTTP/1.1" 200 10398 "-" "Mozilla/5.0 (X11; Linux x86_64) AppleWebKit/537.36 (KHTML, like Gecko) Chrome/70.0.3538.77 Safari/537.36"
172.69.62.142 - - [27/Oct/2018:12:48:02 +0000] "POST /move HTTP/1.1" 200 2224 "-" "Mozilla/5.0 (Windows NT 6.1; WOW64; rv:40.0) Gecko/20100101 Firefox/40.1"
108.162.237.244 - - [27/Oct/2018:12:48:02 +0000] "GET /move%22, HTTP/1.1" 404 2358 "-" "Mozilla/5.0 (compatible; Discordbot/2.0; +https://discordapp.com)"
172.69.62.142 - - [27/Oct/2018:12:48:02 +0000] "POST /move HTTP/1.1" 200 2223 "-" "Mozilla/5.0 (Windows NT 6.1; WOW64; rv:40.0) Gecko/20100101 Firefox/40.1"
172.69.62.142 - - [27/Oct/2018:12:48:02 +0000] "POST /move HTTP/1.1" 200 339 "-" "Mozilla/5.0 (Windows NT 6.1; WOW64; rv:40.0) Gecko/20100101 Firefox/40.1"
172.69.62.142 - - [27/Oct/2018:12:48:02 +0000] "POST /move HTTP/1.1" 200 338 "-" "Mozilla/5.0 (Windows NT 6.1; WOW64; rv:40.0) Gecko/20100101 Firefox/40.1"
162.158.202.88 - - [27/Oct/2018:12:48:04 +0000] "GET /map HTTP/1.1" 200 10398 "-" "Mozilla/5.0 (X11; Linux x86_64) AppleWebKit/537.36 (KHTML, like Gecko) Chrome/70.0.3538.77 Safari/537.36"
108.162.237.244 - - [27/Oct/2018:12:48:10 +0000] "GET /move%22, HTTP/1.1" 404 2358 "-" "Mozilla/5.0 (compatible; Discordbot/2.0; +https://discordapp.com)"
108.162.237.244 - - [27/Oct/2018:12:48:13 +0000] "GET /move%22, HTTP/1.1" 404 472 "-" "Mozilla/5.0 (compatible; Discordbot/2.0; +https://discordapp.com)"
172.69.62.142 - - [27/Oct/2018:12:48:13 +0000] "POST /move HTTP/1.1" 200 2223 "-" "Mozilla/5.0 (Windows NT 6.1; WOW64; rv:40.0) Gecko/20100101 Firefox/40.1"
172.69.62.142 - - [27/Oct/2018:12:48:13 +0000] "POST /move HTTP/1.1" 200 2223 "-" "Mozilla/5.0 (Windows NT 6.1; WOW64; rv:40.0) Gecko/20100101 Firefox/40.1"
172.69.62.142 - - [27/Oct/2018:12:48:13 +0000] "POST /move HTTP/1.1" 200 2225 "-" "Mozilla/5.0 (Windows NT 6.1; WOW64; rv:40.0) Gecko/20100101 Firefox/40.1"
162.158.202.88 - - [27/Oct/2018:12:48:26 +0000] "GET /map HTTP/1.1" 200 10378 "-" "Mozilla/5.0 (X11; Linux x86_64) AppleWebKit/537.36 (KHTML, like Gecko) Chrome/70.0.3538.77 Safari/537.36"
162.158.78.220 - - [27/Oct/2018:12:48:29 +0000] "POST /move HTTP/1.1" 200 2223 "-" "Mozilla/5.0 (Windows NT 6.1; WOW64; rv:40.0) Gecko/20100101 Firefox/40.1"
162.158.78.220 - - [27/Oct/2018:12:48:29 +0000] "POST /move HTTP/1.1" 200 2223 "-" "Mozilla/5.0 (Windows NT 6.1; WOW64; rv:40.0) Gecko/20100101 Firefox/40.1"
108.162.237.196 - - [27/Oct/2018:12:48:29 +0000] "GET /move%22, HTTP/1.1" 404 2358 "-" "Mozilla/5.0 (compatible; Discordbot/2.0; +https://discordapp.com)"
162.158.78.220 - - [27/Oct/2018:12:48:29 +0000] "POST /move HTTP/1.1" 403 340 "-" "Mozilla/5.0 (Windows NT 6.1; WOW64; rv:40.0) Gecko/20100101 Firefox/40.1"
162.158.78.220 - - [27/Oct/2018:12:48:29 +0000] "POST /move HTTP/1.1" 500 316 "-" "Mozilla/5.0 (Windows NT 6.1; WOW64; rv:40.0) Gecko/20100101 Firefox/40.1"
162.158.78.112 - - [27/Oct/2018:12:49:38 +0000] "POST /move HTTP/1.1" 200 2223 "-" "Mozilla/5.0 (Windows NT 6.1; WOW64; rv:40.0) Gecko/20100101 Firefox/40.1"
108.162.238.227 - - [27/Oct/2018:12:49:38 +0000] "GET /move%22, HTTP/1.1" 404 2358 "-" "Mozilla/5.0 (compatible; Discordbot/2.0; +https://discordapp.com)"
162.158.78.112 - - [27/Oct/2018:12:49:38 +0000] "POST /move HTTP/1.1" 200 2222 "-" "Mozilla/5.0 (Windows NT 6.1; WOW64; rv:40.0) Gecko/20100101 Firefox/40.1"
162.158.78.112 - - [27/Oct/2018:12:49:38 +0000] "POST /move HTTP/1.1" 200 330 "-" "Mozilla/5.0 (Windows NT 6.1; WOW64; rv:40.0) Gecko/20100101 Firefox/40.1"
162.158.202.88 - - [27/Oct/2018:12:49:41 +0000] "GET /map HTTP/1.1" 200 10376 "-" "Mozilla/5.0 (X11; Linux x86_64) AppleWebKit/537.36 (KHTML, like Gecko) Chrome/70.0.3538.77 Safari/537.36"
108.162.238.95 - - [27/Oct/2018:12:49:53 +0000] "GET /move%22, HTTP/1.1" 404 2358 "-" "Mozilla/5.0 (compatible; Discordbot/2.0; +https://discordapp.com)"
172.68.238.178 - - [27/Oct/2018:12:49:53 +0000] "GET /move HTTP/1.1" 404 2354 "-" "Mozilla/5.0 (Linux; Android 4.4.2; GSmart Mika M3 Build/GSmart) AppleWebKit/537.36 (KHTML, like Gecko) Chrome/69.0.3497.100 Mobile Safari/537.36"
162.158.187.49 - - [27/Oct/2018:12:50:02 +0000] "GET /move%22, HTTP/1.1" 404 2358 "-" "Mozilla/5.0 (compatible; Discordbot/2.0; +https://discordapp.com)"
162.158.187.49 - - [27/Oct/2018:12:50:12 +0000] "GET /move%22, HTTP/1.1" 404 2358 "-" "Mozilla/5.0 (compatible; Discordbot/2.0; +https://discordapp.com)"
172.69.62.142 - - [27/Oct/2018:12:48:13 +0000] "POST /move HTTP/1.1" 200 31 "-" "Mozilla/5.0 (Windows NT 6.1; WOW64; rv:40.0) Gecko/20100101 Firefox/40.1"
162.158.202.88 - - [27/Oct/2018:12:50:29 +0000] "GET /map HTTP/1.1" 200 10357 "-" "Mozilla/5.0 (X11; Linux x86_64) AppleWebKit/537.36 (KHTML, like Gecko) Chrome/70.0.3538.77 Safari/537.36"
162.158.165.94 - - [27/Oct/2018:12:50:39 +0000] "GET /map HTTP/1.1" 200 10357 "-" "Mozilla/5.0 (Windows NT 10.0; Win64; x64) AppleWebKit/537.36 (KHTML, like Gecko) Chrome/69.0.3497.100 Safari/537.36"
108.162.237.196 - - [27/Oct/2018:12:50:42 +0000] "GET /move%22, HTTP/1.1" 404 2358 "-" "Mozilla/5.0 (compatible; Discordbot/2.0; +https://discordapp.com)"
162.158.78.52 - - [27/Oct/2018:12:50:47 +0000] "POST /move HTTP/1.1" 403 2226 "-" "Mozilla/5.0 (Windows NT 6.1; WOW64; rv:40.0) Gecko/20100101 Firefox/40.1"
108.162.237.196 - - [27/Oct/2018:12:50:47 +0000] "GET /move%22, HTTP/1.1" 404 2358 "-" "Mozilla/5.0 (compatible; Discordbot/2.0; +https://discordapp.com)"
162.158.78.52 - - [27/Oct/2018:12:50:47 +0000] "POST /move HTTP/1.1" 200 330 "-" "Mozilla/5.0 (Windows NT 6.1; WOW64; rv:40.0) Gecko/20100101 Firefox/40.1"
162.158.89.31 - - [27/Oct/2018:12:50:50 +0000] "POST /move HTTP/1.1" 403 2226 "-" "Python/3.6 aiohttp/3.4.4"
108.162.237.58 - - [27/Oct/2018:12:50:50 +0000] "GET /move%22, HTTP/1.1" 404 2358 "-" "Mozilla/5.0 (compatible; Discordbot/2.0; +https://discordapp.com)"
162.158.78.52 - - [27/Oct/2018:12:50:56 +0000] "POST /move HTTP/1.1" 200 2215 "-" "Mozilla/5.0 (Windows NT 6.1; WOW64; rv:40.0) Gecko/20100101 Firefox/40.1"
108.162.237.58 - - [27/Oct/2018:12:50:56 +0000] "GET /move%22, HTTP/1.1" 404 2358 "-" "Mozilla/5.0 (compatible; Discordbot/2.0; +https://discordapp.com)"
162.158.78.52 - - [27/Oct/2018:12:50:56 +0000] "POST /move HTTP/1.1" 200 2216 "-" "Mozilla/5.0 (Windows NT 6.1; WOW64; rv:40.0) Gecko/20100101 Firefox/40.1"
162.158.202.88 - - [27/Oct/2018:12:51:13 +0000] "GET /map HTTP/1.1" 200 10357 "-" "Mozilla/5.0 (X11; Linux x86_64) AppleWebKit/537.36 (KHTML, like Gecko) Chrome/70.0.3538.77 Safari/537.36"
172.68.65.60 - - [27/Oct/2018:12:51:26 +0000] "POST /move HTTP/1.1" 200 2215 "-" "Mozilla/5.0 (Windows NT 6.1; WOW64; rv:40.0) Gecko/20100101 Firefox/40.1"
172.68.65.60 - - [27/Oct/2018:12:51:26 +0000] "POST /move HTTP/1.1" 200 330 "-" "Mozilla/5.0 (Windows NT 6.1; WOW64; rv:40.0) Gecko/20100101 Firefox/40.1"
108.162.238.173 - - [27/Oct/2018:12:51:26 +0000] "GET /move%22, HTTP/1.1" 404 2358 "-" "Mozilla/5.0 (compatible; Discordbot/2.0; +https://discordapp.com)"
172.68.65.60 - - [27/Oct/2018:12:51:26 +0000] "POST /move HTTP/1.1" 200 329 "-" "Mozilla/5.0 (Windows NT 6.1; WOW64; rv:40.0) Gecko/20100101 Firefox/40.1"
172.68.65.60 - - [27/Oct/2018:12:51:26 +0000] "POST /move HTTP/1.1" 200 2216 "-" "Mozilla/5.0 (Windows NT 6.1; WOW64; rv:40.0) Gecko/20100101 Firefox/40.1"
172.68.65.60 - - [27/Oct/2018:12:51:26 +0000] "POST /move HTTP/1.1" 200 329 "-" "Mozilla/5.0 (Windows NT 6.1; WOW64; rv:40.0) Gecko/20100101 Firefox/40.1"
